

/home/riley2003/.hushlogin file.
riley2003@DESKTOP-V44OJTG:~$ type type
type is a shell builtin
riley2003@DESKTOP-V44OJTG:~$ type ls
ls is aliased to `ls --color=auto'
riley2003@DESKTOP-V44OJTG:~$ type cp
cp is /usr/bin/cp
riley2003@DESKTOP-V44OJTG:~$ which ls
/usr/bin/ls
riley2003@DESKTOP-V44OJTG:~$ which cd
riley2003@DESKTOP-V44OJTG:~$ help cd
cd: cd [-L|[-P [-e]] [-@]] [dir]
    Change the shell working directory.

    Change the current directory to DIR.  The default DIR is the value of the
    HOME shell variable.

    The variable CDPATH defines the search path for the directory containing
    DIR.  Alternative directory names in CDPATH are separated by a colon (:).
    A null directory name is the same as the current directory.  If DIR begins
    with a slash (/), then CDPATH is not used.

    If the directory is not found, and the shell option `cdable_vars' is set,
    the word is assumed to be  a variable name.  If that variable has a value,
    its value is used for DIR.

    Options:
      -L        force symbolic links to be followed: resolve symbolic
                links in DIR after processing instances of `..'
      -P        use the physical directory structure without following
                symbolic links: resolve symbolic links in DIR before
                processing instances of `..'
      -e        if the -P option is supplied, and the current working
                directory cannot be determined successfully, exit with
                a non-zero status
      -@        on systems that support it, present a file with extended
                attributes as a directory containing the file attributes

    The default is to follow symbolic links, as if `-L' were specified.
    `..' is processed by removing the immediately previous pathname component
    back to a slash or the beginning of DIR.

    Exit Status:
    Returns 0 if the directory is changed, and if $PWD is set successfully when
    -P is used; non-zero otherwise.
riley2003@DESKTOP-V44OJTG:~$ mkdir --help
Usage: mkdir [OPTION]... DIRECTORY...
Create the DIRECTORY(ies), if they do not already exist.

Mandatory arguments to long options are mandatory for short options too.
  -m, --mode=MODE   set file mode (as in chmod), not a=rwx - umask
  -p, --parents     no error if existing, make parent directories as needed
  -v, --verbose     print a message for each created directory
  -Z                   set SELinux security context of each created directory
                         to the default type
      --context[=CTX]  like -Z, or if CTX is specified then set the SELinux
                         or SMACK security context to CTX
      --help     display this help and exit
      --version  output version information and exit

GNU coreutils online help: <https://www.gnu.org/software/coreutils/>
Report any translation bugs to <https://translationproject.org/team/>
Full documentation <https://www.gnu.org/software/coreutils/mkdir>
or available locally via: info '(coreutils) mkdir invocation'
riley2003@DESKTOP-V44OJTG:~$ man ls
riley2003@DESKTOP-V44OJTG:~$ man 5 passwd
riley2003@DESKTOP-V44OJTG:~$ apropos floppy
floppy: nothing appropriate.
riley2003@DESKTOP-V44OJTG:~$ whatis ls
ls (1)               - list directory contents
riley2003@DESKTOP-V44OJTG:~$ cd /usr; ls; cd -
bin  games  include  lib  lib32  lib64  libexec  libx32  local  sbin  share  src
/home/riley2003
riley2003@DESKTOP-V44OJTG:~$ type test
test is a shell builtin
riley2003@DESKTOP-V44OJTG:~$ type foo
-bash: type: foo: not found
riley2003@DESKTOP-V44OJTG:~$ alias foo='cd /usr; ls; cd -'
riley2003@DESKTOP-V44OJTG:~$ foo
bin  games  include  lib  lib32  lib64  libexec  libx32  local  sbin  share  src
/home/riley2003
riley2003@DESKTOP-V44OJTG:~$ type foo
foo is aliased to `cd /usr; ls; cd -'
riley2003@DESKTOP-V44OJTG:~$ unalias foo
riley2003@DESKTOP-V44OJTG:~$ type foo
-bash: type: foo: not found
riley2003@DESKTOP-V44OJTG:~$ type ls
ls is aliased to `ls --color=auto'
riley2003@DESKTOP-V44OJTG:~$ alias
alias alert='notify-send --urgency=low -i "$([ $? = 0 ] && echo terminal || echo error)" "$(history|tail -n1|sed -e '\''s/^\s*[0-9]\+\s*//;s/[;&|]\s*alert$//'\'')"'
alias egrep='egrep --color=auto'
alias fgrep='fgrep --color=auto'
alias grep='grep --color=auto'
alias l='ls -CF'
alias la='ls -A'
alias ll='ls -alF'
alias ls='ls --color=auto'
riley2003@DESKTOP-V44OJTG:~$
